C:\Program Files\Microsoft Visual Studio\2022\Community\MSBuild\Microsoft\VC\v170\Microsoft.CppBuild.targets(538,5): warning MSB8028: The intermediate directory (x64\Debug\) contains files shared from another project (NepostojecaKolicina.vcxproj).  This can lead to incorrect clean and rebuild behavior.
  adts.c
C:\Users\Sara\Desktop\PRP  projekat\NepostojecaKolicina\adts.c(283,16): warning C4101: 'i': unreferenced local variable
C:\Users\Sara\Desktop\PRP  projekat\NepostojecaKolicina\adts.c(412,16): warning C4101: 'i': unreferenced local variable
  main.c
  misc.c
  util.c
C:\Users\Sara\Desktop\PRP  projekat\NepostojecaKolicina\util.c(166,24): warning C4473: 'printf' : not enough arguments passed for format string
      C:\Users\Sara\Desktop\PRP  projekat\NepostojecaKolicina\util.c(166,24):
      placeholders and their parameters expect 3 variadic arguments, but 1 were provided
      C:\Users\Sara\Desktop\PRP  projekat\NepostojecaKolicina\util.c(166,24):
      the missing variadic argument 2 is required by format string '%lld'
  
C:\Users\Sara\Desktop\PRP  projekat\NepostojecaKolicina\util.c(172,24): warning C4566: character represented by universal-character-name '\u0161' cannot be represented in the current code page (1251)
C:\Users\Sara\Desktop\PRP  projekat\NepostojecaKolicina\util.c(172,24): warning C4473: 'printf' : not enough arguments passed for format string
      C:\Users\Sara\Desktop\PRP  projekat\NepostojecaKolicina\util.c(172,24):
      placeholders and their parameters expect 3 variadic arguments, but 1 were provided
      C:\Users\Sara\Desktop\PRP  projekat\NepostojecaKolicina\util.c(172,24):
      the missing variadic argument 2 is required by format string '%lld'
  
C:\Users\Sara\Desktop\PRP  projekat\NepostojecaKolicina\util.c(217,16): warning C4566: character represented by universal-character-name '\u017E' cannot be represented in the current code page (1251)
  Generating Code...
  NepostojecaKolicina.vcxproj -> C:\Users\Sara\Desktop\PRP  projekat\x64\Debug\2_NepostojecaKolicina.exe
